[A] Tick [10]: Thread [hw3t1, 1] is inserted into queue
[A] Tick [20]: Thread [hw3t2, 2] is inserted into queue
[A] Tick [30]: Thread [hw3t3, 3] is inserted into queue
[B] Tick [40]: Thread [hw3t1, 1] is removed from queue
[C] Tick [11072]: Thread [hw3t1, 1] update approximate burst time, from: [0], add [11032], to [5516]
[B] Tick [11072]: Thread [hw3t2, 2] is removed from queue
[D] Tick [11072]: Thread [hw3t2, 2] is now selected for execution, thread [hw3t1, 1] starts IO, and it has executed [11032] ticks
[A] Tick [11082]: Thread [hw3t1, 1] is inserted into queue
[C] Tick [12194]: Thread [hw3t2, 2] update approximate burst time, from: [0], add [1122], to [561]
[B] Tick [12194]: Thread [hw3t3, 3] is removed from queue
[D] Tick [12194]: Thread [hw3t3, 3] is now selected for execution, thread [hw3t2, 2] starts IO, and it has executed [1122] ticks
[C] Tick [12271]: Thread [hw3t3, 3] update approximate burst time, from: [0], add [77], to [38.5]
[B] Tick [12271]: Thread [hw3t1, 1] is removed from queue
[D] Tick [12271]: Thread [hw3t1, 1] is now selected for execution, thread [hw3t3, 3] starts IO, and it has executed [77] ticks
[C] Tick [12281]: Thread [hw3t1, 1] update approximate burst time, from: [5516], add [10], to [2763]
[A] Tick [12282]: Thread [hw3t1, 1] is inserted into queue
[B] Tick [12282]: Thread [hw3t1, 1] is removed from queue
[D] Tick [12282]: Thread [hw3t1, 1] is now selected for execution, thread [hw3t1, 1] starts IO, and it has executed [10] ticks
[G] Tick [12292]: Thread [hw3t2, 2] can preempt cur thrad. cur thread remaining time [2753], new ready thread pred time [561]
[A] Tick [12292]: Thread [hw3t2, 2] is inserted into queue
[A] Tick [12304]: Thread [hw3t1, 1] is inserted into queue
[B] Tick [12304]: Thread [hw3t2, 2] is removed from queue
[E] Tick [12304]: Thread [hw3t2, 2] is now selected for execution, thread [hw3t1, 1] is preempted, and it has executed [22] ticks
[C] Tick [12314]: Thread [hw3t2, 2] update approximate burst time, from: [561], add [10], to [285.5]
[B] Tick [12314]: Thread [hw3t1, 1] is removed from queue
[D] Tick [12314]: Thread [hw3t1, 1] is now selected for execution, thread [hw3t2, 2] starts IO, and it has executed [10] ticks
[G] Tick [12324]: Thread [hw3t2, 2] can preempt cur thrad. cur thread remaining time [2731], new ready thread pred time [285.5]
[A] Tick [12324]: Thread [hw3t2, 2] is inserted into queue
[A] Tick [12404]: Thread [hw3t1, 1] is inserted into queue
[B] Tick [12404]: Thread [hw3t2, 2] is removed from queue
[E] Tick [12404]: Thread [hw3t2, 2] is now selected for execution, thread [hw3t1, 1] is preempted, and it has executed [112] ticks
[C] Tick [12414]: Thread [hw3t2, 2] update approximate burst time, from: [285.5], add [10], to [147.75]
[B] Tick [12414]: Thread [hw3t1, 1] is removed from queue
[D] Tick [12414]: Thread [hw3t1, 1] is now selected for execution, thread [hw3t2, 2] starts IO, and it has executed [10] ticks
[G] Tick [12424]: Thread [hw3t2, 2] can preempt cur thrad. cur thread remaining time [2641], new ready thread pred time [147.75]
[A] Tick [12424]: Thread [hw3t2, 2] is inserted into queue
[A] Tick [12504]: Thread [hw3t1, 1] is inserted into queue
[B] Tick [12504]: Thread [hw3t2, 2] is removed from queue
[E] Tick [12504]: Thread [hw3t2, 2] is now selected for execution, thread [hw3t1, 1] is preempted, and it has executed [202] ticks
[G] Tick [12514]: Thread [hw3t3, 3] can preempt cur thrad. cur thread remaining time [137.75], new ready thread pred time [38.5]
[A] Tick [12514]: Thread [hw3t3, 3] is inserted into queue
[A] Tick [12604]: Thread [hw3t2, 2] is inserted into queue
[B] Tick [12604]: Thread [hw3t3, 3] is removed from queue
[E] Tick [12604]: Thread [hw3t3, 3] is now selected for execution, thread [hw3t2, 2] is preempted, and it has executed [100] ticks
[C] Tick [12614]: Thread [hw3t3, 3] update approximate burst time, from: [38.5], add [10], to [24.25]
[B] Tick [12614]: Thread [hw3t2, 2] is removed from queue
[D] Tick [12614]: Thread [hw3t2, 2] is now selected for execution, thread [hw3t3, 3] starts IO, and it has executed [10] ticks
[G] Tick [12624]: Thread [hw3t3, 3] can preempt cur thrad. cur thread remaining time [37.75], new ready thread pred time [24.25]
[A] Tick [12624]: Thread [hw3t3, 3] is inserted into queue
[A] Tick [12704]: Thread [hw3t2, 2] is inserted into queue
[B] Tick [12704]: Thread [hw3t2, 2] is removed from queue
[E] Tick [12704]: Thread [hw3t2, 2] is now selected for execution, thread [hw3t2, 2] is preempted, and it has executed [190] ticks
[F] Tick [122559]: return value: 2
[B] Tick [122559]: Thread [hw3t3, 3] is removed from queue
[C] Tick [122569]: Thread [hw3t3, 3] update approximate burst time, from: [24.25], add [10], to [17.125]
[B] Tick [122569]: Thread [hw3t1, 1] is removed from queue
[D] Tick [122569]: Thread [hw3t1, 1] is now selected for execution, thread [hw3t3, 3] starts IO, and it has executed [10] ticks
[G] Tick [122579]: Thread [hw3t3, 3] can preempt cur thrad. cur thread remaining time [2551], new ready thread pred time [17.125]
[A] Tick [122579]: Thread [hw3t3, 3] is inserted into queue
[A] Tick [122604]: Thread [hw3t1, 1] is inserted into queue
[B] Tick [122604]: Thread [hw3t3, 3] is removed from queue
[E] Tick [122604]: Thread [hw3t3, 3] is now selected for execution, thread [hw3t1, 1] is preempted, and it has executed [237] ticks
[F] Tick [232629]: return value: 3
[B] Tick [232629]: Thread [hw3t1, 1] is removed from queue
[F] Tick [452457]: return value: 1

Cleaning up after signal 2
